// Jest Snapshot v1, https://goo.gl/fbAQLP

exports[`Render product add form 1`] = `
<div>
  Add Product:
  <div>
    <input
      onChange={undefined}
      type="text"
      value={undefined}
    />
    <button
      onClick={undefined}
    >
      Add
    </button>
  </div>
</div>
`;
